// Jest Snapshot v1, https://goo.gl/fbAQLP

exports[`RegisterForm Component renders correctly 1`] = `
<div
  className="c-register-container"
>
  <div
    className="form-group"
  >
    <label>
      Username:
    </label>
    <input
      className="form-control"
      onChange={[Function]}
      placeholder="Bitte den Usernamen eingeben"
      type="email"
      value=""
    />
    <div
      className="o-error"
    >
      
    </div>
  </div>
  <div
    className="form-group"
  >
    <label>
      Passwort:
    </label>
    <input
      className="form-control"
      onChange={[Function]}
      placeholder="Bitte das Passwort eingeben"
      type="password"
      value=""
    />
    <div
      className="o-error"
    >
      
    </div>
  </div>
  <div
    className="form-group"
  >
    <label>
      Passwort wiederholen:
    </label>
    <input
      className="form-control"
      onChange={[Function]}
      placeholder="Bitte das Passwort bestÃ¤tigen"
      type="password"
      value=""
    />
    <div
      className="o-error"
    >
      
    </div>
  </div>
  <div
    className="form-group"
  >
    <input
      className="btn btn-primary"
      onClick={[Function]}
      type="submit"
      value="Submit"
    />
  </div>
</div>
`;
